TLapply (TLvar "default") ["d"] [TLconst TLconstInt 0,TLconst TLconstInt 1,TLapply (TLvar "index") ["d"] []]
  d <- 0: TLint 1
       1: TLint 1
       2: TLint 1
       3: TLint 1
       4: TLint 1
TLapply (TLvar "default") ["d"] [TLconst TLconstInt 1,TLconst TLconstInt 1,TLapply (TLvar "index") ["d"] []]
  d <- 0: TLint 1
       1: TLint 1
       2: TLint 1
       3: TLint 1
       4: TLint 1
TLapply (TLvar "default") ["d"] [TLconst TLconstInt 2,TLconst TLconstInt 1,TLapply (TLvar "index") ["d"] []]
  d <- 0: TLint 1
       1: TLint 1
       2: TLint 2
       3: TLint 1
       4: TLint 1
TLapply (TLvar "default") ["d"] [TLconst TLconstInt 3,TLconst TLconstInt 1,TLapply (TLvar "index") ["d"] []]
  d <- 0: TLint 1
       1: TLint 1
       2: TLint 2
       3: TLint 3
       4: TLint 1
TLapply (TLvar "default") ["d"] [TLconst TLconstInt 4,TLconst TLconstInt 1,TLapply (TLvar "index") ["d"] []]
  d <- 0: TLint 1
       1: TLint 1
       2: TLint 2
       3: TLint 3
       4: TLint 4
       5: TLint 1
TLapply (TLvar "default") ["d"] [TLconst TLconstInt 5,TLconst TLconstInt 1,TLapply (TLvar "index") ["d"] []]
  d <- 0: TLint 1
       1: TLint 1
       2: TLint 2
       3: TLint 3
       4: TLint 4
       5: TLint 5
       6: TLint 1
