TLapply (TLvar "index") ["d"] []
  d <- -2: TLint -2
       -1: TLint -1
       0: TLint 0
       1: TLint 1
       2: TLint 2
