TLapply (TLvar "index2") ["d1","d2"] []
  d1 <- -2, d2 <- -2: TLint -4
                  -1: TLint -3
                  0: TLint -2
                  1: TLint -1
                  2: TLint 0
        -1, d2 <- -2: TLint -3
                  -1: TLint -2
                  0: TLint -1
                  1: TLint 0
                  2: TLint 1
        0, d2 <- -2: TLint -2
                 -1: TLint -1
                 0: TLint 0
                 1: TLint 1
                 2: TLint 2
        1, d2 <- -2: TLint -1
                 -1: TLint 0
                 0: TLint 1
                 1: TLint 2
                 2: TLint 3
        2, d2 <- -2: TLint 0
                 -1: TLint 1
                 0: TLint 2
                 1: TLint 3
                 2: TLint 4
